2025-09-04 22:24:52,208 [INFO] loader:331 - Start wczytywania pliku: clickup_tasks_clean.xlsx
2025-09-04 22:24:52,603 [INFO] loader:336 - Wczytano arkusz: 1465 wierszy, 44 kolumn
2025-09-04 22:24:52,635 [DEBUG] loader:338 - Kolumny po czyszczeniu: ['ID', 'Nazwa', 'Status', 'Opis', 'Data utworzenia', 'Data aktualizacji', 'Przypisani', 'Category', 'Regulations accept', 'Merchant Group', 'Base. Account Type', 'Merchant mail', 'NIP', 'Merchant ID', 'Merchant Adres', 'Merchant Mail FV', 'Produkty Merchanta', 'Return Adres', 'Telefon', 'Website', 'Next Meeting Date:', 'Held first meeting', 'StatusBar Shortcut', 'Mail warunki', 'Warunki', 'Main Category', 'Merchant BL ID', 'Merchant KAM', 'Regulations email date sent', 'Merchant Information Form', 'SM Bestsellers upload', 'Merchant KAM (link)', 'Regulations accept date', 'Regulations Accept Relation', 'AVG Sent -> Accept', 'Listing ready Date', 'AVG Sent -> Listing', 'AVG Accept -> Listing', 'Akceptacja Regulaminu', 'SYNC WITH SM', 'relation status', 'Price Check', 'Podmiana nazwy', 'Price Check fail Mail']
2025-09-04 22:24:52,872 [INFO] loader:385 - Znormalizowano: 1465 wierszy, 27 kolumn
2025-09-04 22:24:52,950 [INFO] loader:276 - DIAG: brak oczywistych problemów typów w DF.
2025-09-04 22:24:53,619 [INFO] loader:553 - Wiersze z ustawionym relation_status: 0
2025-09-04 22:24:53,620 [INFO] loader:561 - Próbka po UPSERCIE: []
2025-09-04 22:24:53,620 [INFO] loader:564 - KONIEC: 1.41 s (wierszy wejściowych: 1465)
2025-09-04 22:24:53,623 [ERROR] loader:50 - Unhandled exception
Traceback (most recent call last):
  File "/usr/lib64/python3.13/site-packages/sqlalchemy/engine/base.py", line 1963, in _exec_single_context
    self.dialect.do_execute(
    ~~~~~~~~~~~~~~~~~~~~~~~^
        cursor, str_statement, effective_parameters, context
        ^^^^^^^^^^^^^^^^^^^^^^^^^^^^^^^^^^^^^^^^^^^^^^^^^^^^
    )
    ^
  File "/usr/lib64/python3.13/site-packages/sqlalchemy/engine/default.py", line 943, in do_execute
    cursor.execute(statement, parameters)
    ~~~~~~~~~~~~~~^^^^^^^^^^^^^^^^^^^^^^^
psycopg2.errors.InvalidColumnReference: there is no unique or exclusion constraint matching the ON CONFLICT specification


The above exception was the direct cause of the following exception:

Traceback (most recent call last):
  File "/home/celiek/Dokumenty/praca/Skrypty-python-praca/docker_baza/app/main.py", line 615, in <module>
    wczytaj_plik()
    ~~~~~~~~~~~~^^
  File "/home/celiek/Dokumenty/praca/Skrypty-python-praca/docker_baza/app/main.py", line 611, in wczytaj_plik
    con.execute(sql)
    ~~~~~~~~~~~^^^^^
  File "/usr/lib64/python3.13/site-packages/sqlalchemy/engine/base.py", line 1415, in execute
    return meth(
        self,
        distilled_parameters,
        execution_options or NO_OPTIONS,
    )
  File "/usr/lib64/python3.13/site-packages/sqlalchemy/sql/elements.py", line 523, in _execute_on_connection
    return connection._execute_clauseelement(
           ~~~~~~~~~~~~~~~~~~~~~~~~~~~~~~~~~^
        self, distilled_params, execution_options
        ^^^^^^^^^^^^^^^^^^^^^^^^^^^^^^^^^^^^^^^^^
    )
    ^
  File "/usr/lib64/python3.13/site-packages/sqlalchemy/engine/base.py", line 1637, in _execute_clauseelement
    ret = self._execute_context(
        dialect,
    ...<8 lines>...
        cache_hit=cache_hit,
    )
  File "/usr/lib64/python3.13/site-packages/sqlalchemy/engine/base.py", line 1842, in _execute_context
    return self._exec_single_context(
           ~~~~~~~~~~~~~~~~~~~~~~~~~^
        dialect, context, statement, parameters
        ^^^^^^^^^^^^^^^^^^^^^^^^^^^^^^^^^^^^^^^
    )
    ^
  File "/usr/lib64/python3.13/site-packages/sqlalchemy/engine/base.py", line 1982, in _exec_single_context
    self._handle_dbapi_exception(
    ~~~~~~~~~~~~~~~~~~~~~~~~~~~~^
        e, str_statement, effective_parameters, cursor, context
        ^^^^^^^^^^^^^^^^^^^^^^^^^^^^^^^^^^^^^^^^^^^^^^^^^^^^^^^
    )
    ^
  File "/usr/lib64/python3.13/site-packages/sqlalchemy/engine/base.py", line 2351, in _handle_dbapi_exception
    raise sqlalchemy_exception.with_traceback(exc_info[2]) from e
  File "/usr/lib64/python3.13/site-packages/sqlalchemy/engine/base.py", line 1963, in _exec_single_context
    self.dialect.do_execute(
    ~~~~~~~~~~~~~~~~~~~~~~~^
        cursor, str_statement, effective_parameters, context
        ^^^^^^^^^^^^^^^^^^^^^^^^^^^^^^^^^^^^^^^^^^^^^^^^^^^^
    )
    ^
  File "/usr/lib64/python3.13/site-packages/sqlalchemy/engine/default.py", line 943, in do_execute
    cursor.execute(statement, parameters)
    ~~~~~~~~~~~~~~^^^^^^^^^^^^^^^^^^^^^^^
sqlalchemy.exc.ProgrammingError: (psycopg2.errors.InvalidColumnReference) there is no unique or exclusion constraint matching the ON CONFLICT specification

[SQL: 
WITH ranked AS (
  SELECT
    s.*,
    ROW_NUMBER() OVER (
      PARTITION BY s.nip
      ORDER BY
        s.regulations_acceptance_date DESC NULLS LAST,
        s.regulations_email_date_sent DESC NULLS LAST,
        s.data_utworzenia DESC NULLS LAST,
        s.id DESC
    ) AS rn
  FROM merchanci_staging s
  WHERE s.nip IS NOT NULL
)
INSERT INTO merchanci AS m (
  id, nazwa, status, opis, data_utworzenia, przypisani, category,
  regulations_acceptance, merchant_group, base_account_type, merchant_mail,
  nip, merchant_id, merchant_adres, merchant_mail_fv, produkty_merchant,
  return_adres, telefon_merchant, website_merchant, status_bar_shortcut,
  mail_warunki, warunki_akceptacja, main_category, merchant_bl_id,
  merchant_kam, regulations_email_date_sent, regulations_acceptance_date,
  relation_status
)
SELECT
  r.id, r.nazwa, r.status, r.opis, r.data_utworzenia, r.przypisani, r.category,
  r.regulations_acceptance, r.merchant_group, r.base_account_type, r.merchant_mail,
  r.nip, r.merchant_id, r.merchant_adres, r.merchant_mail_fv, r.produkty_merchant,
  r.return_adres, r.telefon_merchant, r.website_merchant, r.status_bar_shortcut,
  r.mail_warunki, r.warunki_akceptacja, r.main_category, r.merchant_bl_id,
  r.merchant_kam, r.regulations_email_date_sent, r.regulations_acceptance_date,
  r.relation_status
FROM ranked r
WHERE r.rn = 1
ON CONFLICT (nip) DO NOTHING ;
]
(Background on this error at: https://sqlalche.me/e/20/f405)
2025-09-04 22:25:58,149 [INFO] loader:331 - Start wczytywania pliku: clickup_tasks_clean.xlsx
2025-09-04 22:25:58,514 [INFO] loader:336 - Wczytano arkusz: 1465 wierszy, 44 kolumn
2025-09-04 22:25:58,546 [DEBUG] loader:338 - Kolumny po czyszczeniu: ['ID', 'Nazwa', 'Status', 'Opis', 'Data utworzenia', 'Data aktualizacji', 'Przypisani', 'Category', 'Regulations accept', 'Merchant Group', 'Base. Account Type', 'Merchant mail', 'NIP', 'Merchant ID', 'Merchant Adres', 'Merchant Mail FV', 'Produkty Merchanta', 'Return Adres', 'Telefon', 'Website', 'Next Meeting Date:', 'Held first meeting', 'StatusBar Shortcut', 'Mail warunki', 'Warunki', 'Main Category', 'Merchant BL ID', 'Merchant KAM', 'Regulations email date sent', 'Merchant Information Form', 'SM Bestsellers upload', 'Merchant KAM (link)', 'Regulations accept date', 'Regulations Accept Relation', 'AVG Sent -> Accept', 'Listing ready Date', 'AVG Sent -> Listing', 'AVG Accept -> Listing', 'Akceptacja Regulaminu', 'SYNC WITH SM', 'relation status', 'Price Check', 'Podmiana nazwy', 'Price Check fail Mail']
2025-09-04 22:25:58,784 [INFO] loader:385 - Znormalizowano: 1465 wierszy, 27 kolumn
2025-09-04 22:25:58,862 [INFO] loader:276 - DIAG: brak oczywistych problemów typów w DF.
2025-09-04 22:25:59,529 [INFO] loader:553 - Wiersze z ustawionym relation_status: 0
2025-09-04 22:25:59,529 [INFO] loader:561 - Próbka po UPSERCIE: []
2025-09-04 22:25:59,530 [INFO] loader:564 - KONIEC: 1.38 s (wierszy wejściowych: 1465)
2025-09-04 22:25:59,532 [ERROR] loader:50 - Unhandled exception
Traceback (most recent call last):
  File "/usr/lib64/python3.13/site-packages/sqlalchemy/engine/base.py", line 1963, in _exec_single_context
    self.dialect.do_execute(
    ~~~~~~~~~~~~~~~~~~~~~~~^
        cursor, str_statement, effective_parameters, context
        ^^^^^^^^^^^^^^^^^^^^^^^^^^^^^^^^^^^^^^^^^^^^^^^^^^^^
    )
    ^
  File "/usr/lib64/python3.13/site-packages/sqlalchemy/engine/default.py", line 943, in do_execute
    cursor.execute(statement, parameters)
    ~~~~~~~~~~~~~~^^^^^^^^^^^^^^^^^^^^^^^
psycopg2.errors.InvalidColumnReference: there is no unique or exclusion constraint matching the ON CONFLICT specification


The above exception was the direct cause of the following exception:

Traceback (most recent call last):
  File "/home/celiek/Dokumenty/praca/Skrypty-python-praca/docker_baza/app/main.py", line 615, in <module>
    wczytaj_plik()
    ~~~~~~~~~~~~^^
  File "/home/celiek/Dokumenty/praca/Skrypty-python-praca/docker_baza/app/main.py", line 611, in wczytaj_plik
    con.execute(sql)
    ~~~~~~~~~~~^^^^^
  File "/usr/lib64/python3.13/site-packages/sqlalchemy/engine/base.py", line 1415, in execute
    return meth(
        self,
        distilled_parameters,
        execution_options or NO_OPTIONS,
    )
  File "/usr/lib64/python3.13/site-packages/sqlalchemy/sql/elements.py", line 523, in _execute_on_connection
    return connection._execute_clauseelement(
           ~~~~~~~~~~~~~~~~~~~~~~~~~~~~~~~~~^
        self, distilled_params, execution_options
        ^^^^^^^^^^^^^^^^^^^^^^^^^^^^^^^^^^^^^^^^^
    )
    ^
  File "/usr/lib64/python3.13/site-packages/sqlalchemy/engine/base.py", line 1637, in _execute_clauseelement
    ret = self._execute_context(
        dialect,
    ...<8 lines>...
        cache_hit=cache_hit,
    )
  File "/usr/lib64/python3.13/site-packages/sqlalchemy/engine/base.py", line 1842, in _execute_context
    return self._exec_single_context(
           ~~~~~~~~~~~~~~~~~~~~~~~~~^
        dialect, context, statement, parameters
        ^^^^^^^^^^^^^^^^^^^^^^^^^^^^^^^^^^^^^^^
    )
    ^
  File "/usr/lib64/python3.13/site-packages/sqlalchemy/engine/base.py", line 1982, in _exec_single_context
    self._handle_dbapi_exception(
    ~~~~~~~~~~~~~~~~~~~~~~~~~~~~^
        e, str_statement, effective_parameters, cursor, context
        ^^^^^^^^^^^^^^^^^^^^^^^^^^^^^^^^^^^^^^^^^^^^^^^^^^^^^^^
    )
    ^
  File "/usr/lib64/python3.13/site-packages/sqlalchemy/engine/base.py", line 2351, in _handle_dbapi_exception
    raise sqlalchemy_exception.with_traceback(exc_info[2]) from e
  File "/usr/lib64/python3.13/site-packages/sqlalchemy/engine/base.py", line 1963, in _exec_single_context
    self.dialect.do_execute(
    ~~~~~~~~~~~~~~~~~~~~~~~^
        cursor, str_statement, effective_parameters, context
        ^^^^^^^^^^^^^^^^^^^^^^^^^^^^^^^^^^^^^^^^^^^^^^^^^^^^
    )
    ^
  File "/usr/lib64/python3.13/site-packages/sqlalchemy/engine/default.py", line 943, in do_execute
    cursor.execute(statement, parameters)
    ~~~~~~~~~~~~~~^^^^^^^^^^^^^^^^^^^^^^^
sqlalchemy.exc.ProgrammingError: (psycopg2.errors.InvalidColumnReference) there is no unique or exclusion constraint matching the ON CONFLICT specification

[SQL: 
WITH ranked AS (
  SELECT
    s.*,
    ROW_NUMBER() OVER (
      PARTITION BY s.nip
      ORDER BY
        s.regulations_acceptance_date DESC NULLS LAST,
        s.regulations_email_date_sent DESC NULLS LAST,
        s.data_utworzenia DESC NULLS LAST,
        s.id DESC
    ) AS rn
  FROM merchanci_staging s
  WHERE s.nip IS NOT NULL
)
INSERT INTO merchanci AS m (
  id, nazwa, status, opis, data_utworzenia, przypisani, category,
  regulations_acceptance, merchant_group, base_account_type, merchant_mail,
  nip, merchant_id, merchant_adres, merchant_mail_fv, produkty_merchant,
  return_adres, telefon_merchant, website_merchant, status_bar_shortcut,
  mail_warunki, warunki_akceptacja, main_category, merchant_bl_id,
  merchant_kam, regulations_email_date_sent, regulations_acceptance_date,
  relation_status
)
SELECT
  r.id, r.nazwa, r.status, r.opis, r.data_utworzenia, r.przypisani, r.category,
  r.regulations_acceptance, r.merchant_group, r.base_account_type, r.merchant_mail,
  r.nip, r.merchant_id, r.merchant_adres, r.merchant_mail_fv, r.produkty_merchant,
  r.return_adres, r.telefon_merchant, r.website_merchant, r.status_bar_shortcut,
  r.mail_warunki, r.warunki_akceptacja, r.main_category, r.merchant_bl_id,
  r.merchant_kam, r.regulations_email_date_sent, r.regulations_acceptance_date,
  r.relation_status
FROM ranked r
WHERE r.rn = 1
ON CONFLICT (nip) DO NOTHING ;
]
(Background on this error at: https://sqlalche.me/e/20/f405)
2025-09-04 22:33:11,220 [INFO] loader:331 - Start wczytywania pliku: clickup_tasks_clean.xlsx
2025-09-04 22:33:11,552 [INFO] loader:336 - Wczytano arkusz: 1465 wierszy, 44 kolumn
2025-09-04 22:33:11,585 [DEBUG] loader:338 - Kolumny po czyszczeniu: ['ID', 'Nazwa', 'Status', 'Opis', 'Data utworzenia', 'Data aktualizacji', 'Przypisani', 'Category', 'Regulations accept', 'Merchant Group', 'Base. Account Type', 'Merchant mail', 'NIP', 'Merchant ID', 'Merchant Adres', 'Merchant Mail FV', 'Produkty Merchanta', 'Return Adres', 'Telefon', 'Website', 'Next Meeting Date:', 'Held first meeting', 'StatusBar Shortcut', 'Mail warunki', 'Warunki', 'Main Category', 'Merchant BL ID', 'Merchant KAM', 'Regulations email date sent', 'Merchant Information Form', 'SM Bestsellers upload', 'Merchant KAM (link)', 'Regulations accept date', 'Regulations Accept Relation', 'AVG Sent -> Accept', 'Listing ready Date', 'AVG Sent -> Listing', 'AVG Accept -> Listing', 'Akceptacja Regulaminu', 'SYNC WITH SM', 'relation status', 'Price Check', 'Podmiana nazwy', 'Price Check fail Mail']
2025-09-04 22:33:11,830 [INFO] loader:385 - Znormalizowano: 1465 wierszy, 27 kolumn
2025-09-04 22:33:11,902 [INFO] loader:276 - DIAG: brak oczywistych problemów typów w DF.
2025-09-04 22:33:12,575 [INFO] loader:568 - Wiersze z ustawionym relation_status: 0
2025-09-04 22:33:12,576 [INFO] loader:576 - Próbka po UPSERCIE: [{'id': 'TEST123', 'status': 'nowy', 'relation_status': None}]
2025-09-04 22:33:12,576 [INFO] loader:579 - KONIEC: 1.36 s (wierszy wejściowych: 1465)
2025-09-04 22:33:12,579 [ERROR] loader:50 - Unhandled exception
Traceback (most recent call last):
  File "/usr/lib64/python3.13/site-packages/sqlalchemy/engine/base.py", line 1963, in _exec_single_context
    self.dialect.do_execute(
    ~~~~~~~~~~~~~~~~~~~~~~~^
        cursor, str_statement, effective_parameters, context
        ^^^^^^^^^^^^^^^^^^^^^^^^^^^^^^^^^^^^^^^^^^^^^^^^^^^^
    )
    ^
  File "/usr/lib64/python3.13/site-packages/sqlalchemy/engine/default.py", line 943, in do_execute
    cursor.execute(statement, parameters)
    ~~~~~~~~~~~~~~^^^^^^^^^^^^^^^^^^^^^^^
psycopg2.errors.InvalidColumnReference: there is no unique or exclusion constraint matching the ON CONFLICT specification


The above exception was the direct cause of the following exception:

Traceback (most recent call last):
  File "/home/celiek/Dokumenty/praca/Skrypty-python-praca/docker_baza/app/main.py", line 630, in <module>
    wczytaj_plik()
    ~~~~~~~~~~~~^^
  File "/home/celiek/Dokumenty/praca/Skrypty-python-praca/docker_baza/app/main.py", line 626, in wczytaj_plik
    con.execute(sql)
    ~~~~~~~~~~~^^^^^
  File "/usr/lib64/python3.13/site-packages/sqlalchemy/engine/base.py", line 1415, in execute
    return meth(
        self,
        distilled_parameters,
        execution_options or NO_OPTIONS,
    )
  File "/usr/lib64/python3.13/site-packages/sqlalchemy/sql/elements.py", line 523, in _execute_on_connection
    return connection._execute_clauseelement(
           ~~~~~~~~~~~~~~~~~~~~~~~~~~~~~~~~~^
        self, distilled_params, execution_options
        ^^^^^^^^^^^^^^^^^^^^^^^^^^^^^^^^^^^^^^^^^
    )
    ^
  File "/usr/lib64/python3.13/site-packages/sqlalchemy/engine/base.py", line 1637, in _execute_clauseelement
    ret = self._execute_context(
        dialect,
    ...<8 lines>...
        cache_hit=cache_hit,
    )
  File "/usr/lib64/python3.13/site-packages/sqlalchemy/engine/base.py", line 1842, in _execute_context
    return self._exec_single_context(
           ~~~~~~~~~~~~~~~~~~~~~~~~~^
        dialect, context, statement, parameters
        ^^^^^^^^^^^^^^^^^^^^^^^^^^^^^^^^^^^^^^^
    )
    ^
  File "/usr/lib64/python3.13/site-packages/sqlalchemy/engine/base.py", line 1982, in _exec_single_context
    self._handle_dbapi_exception(
    ~~~~~~~~~~~~~~~~~~~~~~~~~~~~^
        e, str_statement, effective_parameters, cursor, context
        ^^^^^^^^^^^^^^^^^^^^^^^^^^^^^^^^^^^^^^^^^^^^^^^^^^^^^^^
    )
    ^
  File "/usr/lib64/python3.13/site-packages/sqlalchemy/engine/base.py", line 2351, in _handle_dbapi_exception
    raise sqlalchemy_exception.with_traceback(exc_info[2]) from e
  File "/usr/lib64/python3.13/site-packages/sqlalchemy/engine/base.py", line 1963, in _exec_single_context
    self.dialect.do_execute(
    ~~~~~~~~~~~~~~~~~~~~~~~^
        cursor, str_statement, effective_parameters, context
        ^^^^^^^^^^^^^^^^^^^^^^^^^^^^^^^^^^^^^^^^^^^^^^^^^^^^
    )
    ^
  File "/usr/lib64/python3.13/site-packages/sqlalchemy/engine/default.py", line 943, in do_execute
    cursor.execute(statement, parameters)
    ~~~~~~~~~~~~~~^^^^^^^^^^^^^^^^^^^^^^^
sqlalchemy.exc.ProgrammingError: (psycopg2.errors.InvalidColumnReference) there is no unique or exclusion constraint matching the ON CONFLICT specification

[SQL: 
WITH ranked AS (
  SELECT
    s.*,
    ROW_NUMBER() OVER (
      PARTITION BY s.nip
      ORDER BY
        s.regulations_acceptance_date DESC NULLS LAST,
        s.regulations_email_date_sent DESC NULLS LAST,
        s.data_utworzenia DESC NULLS LAST,
        s.id DESC
    ) AS rn
  FROM merchanci_staging s
  WHERE s.nip IS NOT NULL
)
INSERT INTO merchanci AS m (
  id, nazwa, status, opis, data_utworzenia, przypisani, category,
  regulations_acceptance, merchant_group, base_account_type, merchant_mail,
  nip, merchant_id, merchant_adres, merchant_mail_fv, produkty_merchant,
  return_adres, telefon_merchant, website_merchant, status_bar_shortcut,
  mail_warunki, warunki_akceptacja, main_category, merchant_bl_id,
  merchant_kam, regulations_email_date_sent, regulations_acceptance_date,
  relation_status
)
SELECT
  r.id, r.nazwa, r.status, r.opis, r.data_utworzenia, r.przypisani, r.category,
  r.regulations_acceptance, r.merchant_group, r.base_account_type, r.merchant_mail,
  r.nip, r.merchant_id, r.merchant_adres, r.merchant_mail_fv, r.produkty_merchant,
  r.return_adres, r.telefon_merchant, r.website_merchant, r.status_bar_shortcut,
  r.mail_warunki, r.warunki_akceptacja, r.main_category, r.merchant_bl_id,
  r.merchant_kam, r.regulations_email_date_sent, r.regulations_acceptance_date,
  r.relation_status
FROM ranked r
WHERE r.rn = 1
ON CONFLICT (nip) DO NOTHING ;
]
(Background on this error at: https://sqlalche.me/e/20/f405)
2025-09-04 22:35:18,512 [INFO] loader:331 - Start wczytywania pliku: clickup_tasks_clean.xlsx
2025-09-04 22:35:18,848 [INFO] loader:336 - Wczytano arkusz: 1465 wierszy, 44 kolumn
2025-09-04 22:35:18,880 [DEBUG] loader:338 - Kolumny po czyszczeniu: ['ID', 'Nazwa', 'Status', 'Opis', 'Data utworzenia', 'Data aktualizacji', 'Przypisani', 'Category', 'Regulations accept', 'Merchant Group', 'Base. Account Type', 'Merchant mail', 'NIP', 'Merchant ID', 'Merchant Adres', 'Merchant Mail FV', 'Produkty Merchanta', 'Return Adres', 'Telefon', 'Website', 'Next Meeting Date:', 'Held first meeting', 'StatusBar Shortcut', 'Mail warunki', 'Warunki', 'Main Category', 'Merchant BL ID', 'Merchant KAM', 'Regulations email date sent', 'Merchant Information Form', 'SM Bestsellers upload', 'Merchant KAM (link)', 'Regulations accept date', 'Regulations Accept Relation', 'AVG Sent -> Accept', 'Listing ready Date', 'AVG Sent -> Listing', 'AVG Accept -> Listing', 'Akceptacja Regulaminu', 'SYNC WITH SM', 'relation status', 'Price Check', 'Podmiana nazwy', 'Price Check fail Mail']
2025-09-04 22:35:19,117 [INFO] loader:385 - Znormalizowano: 1465 wierszy, 27 kolumn
2025-09-04 22:35:19,191 [INFO] loader:276 - DIAG: brak oczywistych problemów typów w DF.
2025-09-04 22:35:19,862 [INFO] loader:568 - Wiersze z ustawionym relation_status: 0
2025-09-04 22:35:19,863 [INFO] loader:576 - Próbka po UPSERCIE: [{'id': 'TEST123', 'status': 'nowy', 'relation_status': None}]
2025-09-04 22:35:19,863 [INFO] loader:579 - KONIEC: 1.35 s (wierszy wejściowych: 1465)
